// Jest Snapshot v1, https://goo.gl/fbAQLP

exports[`RocketsContainer component test should render 1`] = `
Array [
  <div />,
  ",",
]
`;
